// Vitest Snapshot v1, https://vitest.dev/guide/snapshot.html

exports[`App component > renders magnificent monkeys 1`] = `
<div>
  <button
    type="button"
  >
    Click Me
  </button>
  <h1>
    Magnificent Monkeys
  </h1>
</div>
`;

exports[`App component > renders radical rhinos after button click 1`] = `
<h1>
  Radical Rhinos
</h1>
`;
